// Jest Snapshot v1, https://goo.gl/fbAQLP

exports[`CurrentStatus it renders markdown 1`] = `
<div>
  <section
    class="mt-16"
  >
    <div
      class="container"
    >
      <div
        class="flex items-center justify-center h-16 sm:h-20 w-16 sm:w-20 mx-auto rounded-full bg-red-200"
      >
        <div
          class="flex items-center justify-center h-12 sm:h-16 w-12 sm:w-16 rounded-full bg-red-500"
        >
          <svg
            aria-hidden="true"
            class="svg-inline--fa fa-exclamation-triangle fa-w-18 fa-fw text-white text-2xl sm:text-3xl"
            data-icon="exclamation-triangle"
            data-prefix="fas"
            focusable="false"
            role="img"
            viewBox="0 0 576 512"
            xmlns="http://www.w3.org/2000/svg"
          >
            <path
              d="M569.517 440.013C587.975 472.007 564.806 512 527.94 512H48.054c-36.937 0-59.999-40.055-41.577-71.987L246.423 23.985c18.467-32.009 64.72-31.951 83.154 0l239.94 416.028zM288 354c-25.405 0-46 20.595-46 46s20.595 46 46 46 46-20.595 46-46-20.595-46-46-46zm-43.673-165.346l7.418 136c.347 6.364 5.609 11.346 11.982 11.346h48.546c6.373 0 11.635-4.982 11.982-11.346l7.418-136c.375-6.874-5.098-12.654-11.982-12.654h-63.383c-6.884 0-12.356 5.78-11.981 12.654z"
              fill="currentColor"
            />
          </svg>
        </div>
      </div>
      <h1
        class="mt-4 mb-3 c_h-heading c_h-heading--3xl sm:c_h-heading--4xl text-center"
      >
        Problems with the paper stock
      </h1>
      <div
        class="text-gray-700 bg-white shadow-sm rounded py-5 px-6"
        data-testid="CurrentStatusMarkdownDescription"
      >
        <h1>
          This is heading This is a 
          <a
            href="https://example.com"
          >
            link
          </a>
          .
        </h1>
      </div>
    </div>
  </section>
</div>
`;
