// Jest Snapshot v1, https://goo.gl/fbAQLP

exports[`UptimeMonitor renders without errors 1`] = `
<div>
  <div
    class="px-6 py-5 space-y-3"
  >
    <div
      class="sm:flex justify-between"
    >
      <h2>
        <button
          class="c_h-heading focus:outline-none"
        >
          homepage
        </button>
      </h2>
      <p
        class="mt-1 sm:mt-0 text-gray-700"
      >
        Monitoring from 4 locations
      </p>
    </div>
    <div
      class="h-8 text-center"
    >
      Loading...
    </div>
  </div>
</div>
`;
